{
    "Should run without failures": {
        "content": [
            {
                "0": [
                    [
                        {
                            "id": "ERR2537816",
                            "single_end": false
                        },
                        [
                            "ERR2537816.trimmed_1.trim.fastq.gz:md5,cd2ed3747e5e3280f12a227433c73cae",
                            "ERR2537816.trimmed_2.trim.fastq.gz:md5,194a5403ffd5f9506f12bb035fd04448"
                        ]
                    ]
                ],
                "1": [
                    [
                        {
                            "id": "ERR2537816",
                            "single_end": false
                        },
                        "ERR2537816.trimmed.cutadapt.log:md5,757311a7115f283e659e035c2cce751d"
                    ]
                ],
                "2": [
                    "versions.yml:md5,bc9892c68bfa7084ec5dbffbb9e8322f"
                ],
                "log": [
                    [
                        {
                            "id": "ERR2537816",
                            "single_end": false
                        },
                        "ERR2537816.trimmed.cutadapt.log:md5,757311a7115f283e659e035c2cce751d"
                    ]
                ],
                "reads": [
                    [
                        {
                            "id": "ERR2537816",
                            "single_end": false
                        },
                        [
                            "ERR2537816.trimmed_1.trim.fastq.gz:md5,cd2ed3747e5e3280f12a227433c73cae",
                            "ERR2537816.trimmed_2.trim.fastq.gz:md5,194a5403ffd5f9506f12bb035fd04448"
                        ]
                    ]
                ],
                "versions": [
                    "versions.yml:md5,bc9892c68bfa7084ec5dbffbb9e8322f"
                ]
            }
        ],
        "meta": {
            "nf-test": "0.8.4",
            "nextflow": "23.10.1"
        },
        "timestamp": "2024-03-18T14:55:25.10912"
    }
}