{
    "Should run without failures": {
        "content": [
            {
                "0": [
                    [
                        {
                            "id": "ERR2537816",
                            "single_end": false
                        },
                        "ERR2537816.classified.tsv:md5,58f98a56c0746e50cf57e944d80c3dc0"
                    ]
                ],
                "fasta": [
                    [
                        {
                            "id": "ERR2537816",
                            "single_end": false
                        },
                        "ERR2537816.classified.tsv:md5,58f98a56c0746e50cf57e944d80c3dc0"
                    ]
                ]
            }
        ],
        "meta": {
            "nf-test": "0.8.4",
            "nextflow": "23.10.1"
        },
        "timestamp": "2024-03-20T11:34:38.230732"
    }
}