{
    "Should run without failures": {
        "content": [
            {
                "0": [
                    [
                        {
                            "id": "ERR2537816",
                            "single_end": true
                        },
                        "ERR2537816.classified.tsv:md5,608d9417c5fc59d20087c3575935cec3"
                    ]
                ],
                "1": [
                    "versions.yml:md5,c5cafb5677872ce5c2c7cd3e9bd13e19"
                ],
                "fasta": [
                    [
                        {
                            "id": "ERR2537816",
                            "single_end": true
                        },
                        "ERR2537816.classified.tsv:md5,608d9417c5fc59d20087c3575935cec3"
                    ]
                ],
                "versions": [
                    "versions.yml:md5,c5cafb5677872ce5c2c7cd3e9bd13e19"
                ]
            }
        ],
        "meta": {
            "nf-test": "0.8.4",
            "nextflow": "23.10.1"
        },
        "timestamp": "2024-03-18T14:10:42.300648"
    }
}