{
    "Should run without failures": {
        "content": [
            {
                "0": [
                    [
                        {
                            "id": "ERR2537816",
                            "single_end": false
                        },
                        "ERR2537816.filtered.fasta:md5,6d9fa0fae486b91ca66f8ac12918de3a"
                    ]
                ],
                "1": [
                    "ERR2537816.filtered.log:md5,27e617273571932266a13bfcc41bbe84"
                ],
                "2": [
                    "versions.yml:md5,e12363d0bb077a8ace7181257a31a081"
                ],
                "fasta": [
                    [
                        {
                            "id": "ERR2537816",
                            "single_end": false
                        },
                        "ERR2537816.filtered.fasta:md5,6d9fa0fae486b91ca66f8ac12918de3a"
                    ]
                ],
                "log": [
                    "ERR2537816.filtered.log:md5,27e617273571932266a13bfcc41bbe84"
                ],
                "versions": [
                    "versions.yml:md5,e12363d0bb077a8ace7181257a31a081"
                ]
            }
        ],
        "meta": {
            "nf-test": "0.8.4",
            "nextflow": "23.10.1"
        },
        "timestamp": "2024-03-18T14:36:15.512404"
    }
}