{
    "vsearch_dereplicate": {
        "content": [
            "ERR2537816.derep.fasta:md5,8f51913fda65306f2a8d607b65de1ab1",
            "ERR2537816.derep.uc:md5,35265131266966e6eefe2099725e127b"
        ],
        "meta": {
            "nf-test": "0.8.4",
            "nextflow": "23.10.1"
        },
        "timestamp": "2024-03-27T13:41:28.52549"
    }
}