{
    "Should run without failures": {
        "content": [
            {
                "0": [
                    [
                        {
                            "id": "ERR2537816",
                            "single_end": false
                        },
                        "ERR2537816.tsv:md5,b93e11c4dbf810c5bea5c532bba6b81c"
                    ]
                ],
                "1": [
                    "versions.yml:md5,6584e256329124c6abe9e76715edfe92"
                ],
                "tsv": [
                    [
                        {
                            "id": "ERR2537816",
                            "single_end": false
                        },
                        "ERR2537816.tsv:md5,b93e11c4dbf810c5bea5c532bba6b81c"
                    ]
                ],
                "versions": [
                    "versions.yml:md5,6584e256329124c6abe9e76715edfe92"
                ]
            }
        ],
        "meta": {
            "nf-test": "0.8.4",
            "nextflow": "23.10.1"
        },
        "timestamp": "2024-03-18T14:46:05.79025"
    }
}